Archive member included to satisfy reference by file (symbol)

lib/Debug/libsystem_config.a(init.o)
                              (Entry)
lib/Debug/libsystem_config.a(startup.o)
                              lib/Debug/libsystem_config.a(init.o) (start_boot)
lib/Debug/libsystem_config.a(cp15.o)
                              lib/Debug/libsystem_config.a(startup.o) (CP15VectorBaseAddrSet)
lib/Debug/libsystem_config.a(exceptionhandler.o)
                              lib/Debug/libsystem_config.a(startup.o) (IRQHandler)
lib/Debug/libsystem_config.a(interrupt.o)
                              lib/Debug/libsystem_config.a(exceptionhandler.o) (fnRAMVectors)
lib/Debug/libsystem_config.a(cpu.o)
                              lib/Debug/libsystem_config.a(exceptionhandler.o) (CPUAbortHandler)
/usr/lib/gcc/arm-none-eabi/5.3.1//libgcc.a(_udivsi3.o)
                              (__aeabi_uidiv)
/usr/lib/gcc/arm-none-eabi/5.3.1//libgcc.a(_divsi3.o)
                              (__aeabi_idiv)
/usr/lib/gcc/arm-none-eabi/5.3.1//libgcc.a(_dvmd_tls.o)
                              /usr/lib/gcc/arm-none-eabi/5.3.1//libgcc.a(_udivsi3.o) (__aeabi_idiv0)

Allocating common symbols
Common symbol       size              file

fnRAMVectors        0x200             lib/Debug/libsystem_config.a(interrupt.o)

Discarded input sections

 .text          0x0000000000000000        0x0 Debug/gpioLED.o
 .data          0x0000000000000000        0x0 Debug/gpioLED.o
 .bss           0x0000000000000000        0x0 Debug/gpioLED.o
 .text          0x0000000000000000        0x0 Debug/gpioLEDBlink.o
 .data          0x0000000000000000        0x0 Debug/gpioLEDBlink.o
 .bss           0x0000000000000000        0x0 Debug/gpioLEDBlink.o
 .data          0x0000000000000000        0x0 lib/Debug/libsystem_config.a(init.o)
 .bss           0x0000000000000000        0x0 lib/Debug/libsystem_config.a(init.o)
 .text          0x0000000000000000        0x0 lib/Debug/libsystem_config.a(startup.o)
 .data          0x0000000000000000        0x0 lib/Debug/libsystem_config.a(startup.o)
 .bss           0x0000000000000000        0x0 lib/Debug/libsystem_config.a(startup.o)
 .rodata.AM335X_VECTOR_BASE
                0x0000000000000000        0x4 lib/Debug/libsystem_config.a(startup.o)
 .data          0x0000000000000000        0x0 lib/Debug/libsystem_config.a(cp15.o)
 .bss           0x0000000000000000        0x0 lib/Debug/libsystem_config.a(cp15.o)
 .data          0x0000000000000000        0x0 lib/Debug/libsystem_config.a(exceptionhandler.o)
 .bss           0x0000000000000000        0x0 lib/Debug/libsystem_config.a(exceptionhandler.o)
 .text          0x0000000000000000        0x0 lib/Debug/libsystem_config.a(interrupt.o)
 .data          0x0000000000000000        0x0 lib/Debug/libsystem_config.a(interrupt.o)
 .bss           0x0000000000000000        0x0 lib/Debug/libsystem_config.a(interrupt.o)
 .text.IntDefaultHandler
                0x0000000000000000       0x18 lib/Debug/libsystem_config.a(interrupt.o)
 .text.IntRegister
                0x0000000000000000       0x38 lib/Debug/libsystem_config.a(interrupt.o)
 .text.IntUnRegister
                0x0000000000000000       0x38 lib/Debug/libsystem_config.a(interrupt.o)
 .text.IntAINTCInit
                0x0000000000000000       0x94 lib/Debug/libsystem_config.a(interrupt.o)
 .text.IntPrioritySet
                0x0000000000000000       0x58 lib/Debug/libsystem_config.a(interrupt.o)
 .text.IntSystemEnable
                0x0000000000000000       0x54 lib/Debug/libsystem_config.a(interrupt.o)
 .text.IntSystemDisable
                0x0000000000000000       0x54 lib/Debug/libsystem_config.a(interrupt.o)
 .text.IntIfClkFreeRunSet
                0x0000000000000000       0x34 lib/Debug/libsystem_config.a(interrupt.o)
 .text.IntIfClkAutoGateSet
                0x0000000000000000       0x34 lib/Debug/libsystem_config.a(interrupt.o)
 .text.IntActiveIrqNumGet
                0x0000000000000000       0x28 lib/Debug/libsystem_config.a(interrupt.o)
 .text.IntSpurIrqFlagGet
                0x0000000000000000       0x2c lib/Debug/libsystem_config.a(interrupt.o)
 .text.IntProtectionEnable
                0x0000000000000000       0x28 lib/Debug/libsystem_config.a(interrupt.o)
 .text.IntProtectionDisable
                0x0000000000000000       0x34 lib/Debug/libsystem_config.a(interrupt.o)
 .text.IntSyncClkFreeRunSet
                0x0000000000000000       0x34 lib/Debug/libsystem_config.a(interrupt.o)
 .text.IntSyncClkAutoGateSet
                0x0000000000000000       0x34 lib/Debug/libsystem_config.a(interrupt.o)
 .text.IntFuncClkFreeRunSet
                0x0000000000000000       0x34 lib/Debug/libsystem_config.a(interrupt.o)
 .text.IntFuncClkAutoGateSet
                0x0000000000000000       0x34 lib/Debug/libsystem_config.a(interrupt.o)
 .text.IntCurrIrqPriorityGet
                0x0000000000000000       0x28 lib/Debug/libsystem_config.a(interrupt.o)
 .text.IntPriorityThresholdGet
                0x0000000000000000       0x28 lib/Debug/libsystem_config.a(interrupt.o)
 .text.IntPriorityThresholdSet
                0x0000000000000000       0x34 lib/Debug/libsystem_config.a(interrupt.o)
 .text.IntRawStatusGet
                0x0000000000000000       0x5c lib/Debug/libsystem_config.a(interrupt.o)
 .text.IntSoftwareIntSet
                0x0000000000000000       0x50 lib/Debug/libsystem_config.a(interrupt.o)
 .text.IntSoftwareIntClear
                0x0000000000000000       0x50 lib/Debug/libsystem_config.a(interrupt.o)
 .text.IntPendingIrqMaskedStatusGet
                0x0000000000000000       0x58 lib/Debug/libsystem_config.a(interrupt.o)
 .text.IntMasterIRQEnable
                0x0000000000000000       0x1c lib/Debug/libsystem_config.a(interrupt.o)
 .text.IntMasterIRQDisable
                0x0000000000000000       0x1c lib/Debug/libsystem_config.a(interrupt.o)
 .text.IntMasterFIQEnable
                0x0000000000000000       0x1c lib/Debug/libsystem_config.a(interrupt.o)
 .text.IntMasterFIQDisable
                0x0000000000000000       0x1c lib/Debug/libsystem_config.a(interrupt.o)
 .text.IntMasterStatusGet
                0x0000000000000000       0x20 lib/Debug/libsystem_config.a(interrupt.o)
 .text.IntDisable
                0x0000000000000000       0x3c lib/Debug/libsystem_config.a(interrupt.o)
 .text.IntEnable
                0x0000000000000000       0x38 lib/Debug/libsystem_config.a(interrupt.o)
 .text          0x0000000000000000        0x0 lib/Debug/libsystem_config.a(cpu.o)
 .data          0x0000000000000000        0x0 lib/Debug/libsystem_config.a(cpu.o)
 .bss           0x0000000000000000        0x0 lib/Debug/libsystem_config.a(cpu.o)
 .text.CPUSwitchToPrivilegedMode
                0x0000000000000000       0x1c lib/Debug/libsystem_config.a(cpu.o)
 .text.CPUSwitchToUserMode
                0x0000000000000000       0x28 lib/Debug/libsystem_config.a(cpu.o)
 .text.CPUAbortHandler
                0x0000000000000000       0x18 lib/Debug/libsystem_config.a(cpu.o)
 .text.CPUIntStatus
                0x0000000000000000       0x2c lib/Debug/libsystem_config.a(cpu.o)
 .text.CPUirqd  0x0000000000000000       0x28 lib/Debug/libsystem_config.a(cpu.o)
 .text.CPUirqe  0x0000000000000000       0x28 lib/Debug/libsystem_config.a(cpu.o)
 .text.CPUfiqd  0x0000000000000000       0x28 lib/Debug/libsystem_config.a(cpu.o)
 .text.CPUfiqe  0x0000000000000000       0x28 lib/Debug/libsystem_config.a(cpu.o)
 .debug_info    0x0000000000000000       0xcc lib/Debug/libsystem_config.a(cpu.o)
 .debug_abbrev  0x0000000000000000       0x62 lib/Debug/libsystem_config.a(cpu.o)
 .debug_aranges
                0x0000000000000000       0x58 lib/Debug/libsystem_config.a(cpu.o)
 .debug_ranges  0x0000000000000000       0x48 lib/Debug/libsystem_config.a(cpu.o)
 .debug_line    0x0000000000000000       0xd8 lib/Debug/libsystem_config.a(cpu.o)
 .debug_str     0x0000000000000000      0x1ce lib/Debug/libsystem_config.a(cpu.o)
 .comment       0x0000000000000000       0x6f lib/Debug/libsystem_config.a(cpu.o)
 .debug_frame   0x0000000000000000      0x110 lib/Debug/libsystem_config.a(cpu.o)
 .ARM.attributes
                0x0000000000000000       0x3b lib/Debug/libsystem_config.a(cpu.o)
 .data          0x0000000000000000        0x0 /usr/lib/gcc/arm-none-eabi/5.3.1//libgcc.a(_udivsi3.o)
 .bss           0x0000000000000000        0x0 /usr/lib/gcc/arm-none-eabi/5.3.1//libgcc.a(_udivsi3.o)
 .data          0x0000000000000000        0x0 /usr/lib/gcc/arm-none-eabi/5.3.1//libgcc.a(_divsi3.o)
 .bss           0x0000000000000000        0x0 /usr/lib/gcc/arm-none-eabi/5.3.1//libgcc.a(_divsi3.o)
 .data          0x0000000000000000        0x0 /usr/lib/gcc/arm-none-eabi/5.3.1//libgcc.a(_dvmd_tls.o)
 .bss           0x0000000000000000        0x0 /usr/lib/gcc/arm-none-eabi/5.3.1//libgcc.a(_dvmd_tls.o)

Memory Configuration

Name             Origin             Length             Attributes
DDR0             0x0000000080000000 0x0000000010000000
*default*        0x0000000000000000 0xffffffffffffffff

Linker script and memory map

LOAD Debug/gpioLED.o
LOAD Debug/gpioLEDBlink.o
LOAD lib/Debug/libsystem_config.a
LOAD /usr/arm-none-eabi/lib//libc.a
LOAD /usr/lib/gcc/arm-none-eabi/5.3.1//libgcc.a
LOAD lib/Debug/libsystem_config.a

.startcode      0x0000000080000000       0xb4
                0x0000000080000000                . = ALIGN (0x4)
 *init.o(.text)
 .text          0x0000000080000000       0xb4 lib/Debug/libsystem_config.a(init.o)
                0x0000000080000000                Entry

.text           0x00000000800000b4      0xc40
                0x00000000800000b4                . = ALIGN (0x4)
 *(.text*)
 .text.GPIO1_ModuleClkConfig
                0x00000000800000b4       0x50 Debug/gpioLED.o
 .text.GPIOPinMuxSetup
                0x0000000080000104       0x3c Debug/gpioLED.o
 .text.GPIOModuleEnable
                0x0000000080000140       0x40 Debug/gpioLED.o
 .text.GPIOModuleReset
                0x0000000080000180       0x40 Debug/gpioLED.o
 .text.GPIODirModeSet
                0x00000000800001c0       0x94 Debug/gpioLED.o
 .text.GPIOPinWrite
                0x0000000080000254       0x70 Debug/gpioLED.o
 .text.ledInit  0x00000000800002c4       0x78 Debug/gpioLED.o
                0x00000000800002c4                ledInit
 .text.ledToggle
                0x000000008000033c       0x80 Debug/gpioLED.o
                0x000000008000033c                ledToggle
 .text.main     0x00000000800003bc       0x34 Debug/gpioLEDBlink.o
                0x00000000800003bc                main
 .text.Delay    0x00000000800003f0       0x3c Debug/gpioLEDBlink.o
 .text.start_boot
                0x000000008000042c       0x24 lib/Debug/libsystem_config.a(startup.o)
                0x000000008000042c                start_boot
 .text.CopyVectorTable
                0x0000000080000450       0x94 lib/Debug/libsystem_config.a(startup.o)
 .text          0x00000000800004e4      0x488 lib/Debug/libsystem_config.a(cp15.o)
                0x00000000800004e4                CP15ICacheDisable
                0x0000000080000500                CP15DCacheDisable
                0x000000008000051c                CP15ICacheEnable
                0x000000008000052c                CP15DCacheEnable
                0x000000008000053c                CP15DCacheFlush
                0x00000000800005d0                CP15DCacheClean
                0x0000000080000664                CP15DCacheCleanFlush
                0x00000000800006f8                CP15ICacheFlush
                0x0000000080000708                CP15DCacheCleanBuff
                0x000000008000075c                CP15DCacheCleanFlushBuff
                0x00000000800007b0                CP15DCacheFlushBuff
                0x0000000080000814                CP15ICacheFlushBuff
                0x0000000080000868                CP15Ttb0Set
                0x0000000080000874                CP15TlbInvalidate
                0x0000000080000880                CP15MMUDisable
                0x0000000080000898                CP15MMUEnable
                0x00000000800008ac                CP15VectorBaseAddrSet
                0x00000000800008b8                CP15BranchPredictorInvalidate
                0x00000000800008c4                CP15BranchPredictionEnable
                0x00000000800008d4                CP15BranchPredictionDisable
                0x00000000800008e4                CP15DomainAccessClientSet
                0x00000000800008f4                CP15ControlFeatureDisable
                0x0000000080000908                CP15ControlFeatureEnable
                0x000000008000091c                CP15TtbCtlTtb0Config
                0x000000008000092c                CP15AuxControlFeatureEnable
                0x0000000080000940                CP15AuxControlFeatureDisable
                0x0000000080000954                CP15MainIdPrimPartNumGet
 .text          0x000000008000096c       0xf0 lib/Debug/libsystem_config.a(exceptionhandler.o)
                0x000000008000096c                SVC_Handler
                0x0000000080000994                IRQHandler
                0x0000000080000a40                FIQHandler
                0x0000000080000a44                UndefInstHandler
                0x0000000080000a44                AbortHandler
 .text          0x0000000080000a5c      0x114 /usr/lib/gcc/arm-none-eabi/5.3.1//libgcc.a(_udivsi3.o)
                0x0000000080000a5c                __udivsi3
                0x0000000080000a5c                __aeabi_uidiv
                0x0000000080000b50                __aeabi_uidivmod
 .text          0x0000000080000b70      0x148 /usr/lib/gcc/arm-none-eabi/5.3.1//libgcc.a(_divsi3.o)
                0x0000000080000b70                __aeabi_idiv
                0x0000000080000b70                __divsi3
                0x0000000080000c98                __aeabi_idivmod
 .text          0x0000000080000cb8        0x4 /usr/lib/gcc/arm-none-eabi/5.3.1//libgcc.a(_dvmd_tls.o)
                0x0000000080000cb8                __aeabi_ldiv0
                0x0000000080000cb8                __aeabi_idiv0
 *(.rodata*)
 .rodata.vecTbl
                0x0000000080000cbc       0x38 lib/Debug/libsystem_config.a(startup.o)

.glue_7         0x0000000080000cf4        0x0
 .glue_7        0x0000000080000cf4        0x0 linker stubs

.glue_7t        0x0000000080000cf4        0x0
 .glue_7t       0x0000000080000cf4        0x0 linker stubs

.vfp11_veneer   0x0000000080000cf4        0x0
 .vfp11_veneer  0x0000000080000cf4        0x0 linker stubs

.v4_bx          0x0000000080000cf4        0x0
 .v4_bx         0x0000000080000cf4        0x0 linker stubs

.iplt           0x0000000080000cf4        0x0
 .iplt          0x0000000080000cf4        0x0 Debug/gpioLED.o

.rel.dyn        0x0000000080000cf4        0x0
 .rel.iplt      0x0000000080000cf4        0x0 Debug/gpioLED.o

.data           0x0000000080000cf4        0x0
                0x0000000080000cf4                . = ALIGN (0x4)
 *(.data*)

.igot.plt       0x0000000080000cf4        0x0
 .igot.plt      0x0000000080000cf4        0x0 Debug/gpioLED.o

.bss            0x0000000080000cf4      0x204
                0x0000000080000cf4                . = ALIGN (0x4)
                0x0000000080000cf4                _bss_start = .
 *(.bss*)
 .bss.flagToggle
                0x0000000080000cf4        0x4 Debug/gpioLED.o
                0x0000000080000cf4                flagToggle
 *(COMMON)
 COMMON         0x0000000080000cf8      0x200 lib/Debug/libsystem_config.a(interrupt.o)
                0x0000000080000cf8                fnRAMVectors
                0x0000000080000ef8                _bss_end = .

.heap           0x0000000080000ef8      0x800
                0x0000000080000ef8                . = ALIGN (0x4)
                0x0000000080000ef8                __end__ = .
                0x0000000080000ef8                end = __end__
                0x0000000080000ef8                __HeapBase = __end__
 *(.heap*)
                0x00000000800016f8                . = (. + 0x800)
 *fill*         0x0000000080000ef8      0x800 
                0x00000000800016f8                __HeapLimit = .

.stack          0x00000000800016f8  0x7fffff8
                0x00000000800016f8                . = ALIGN (0x4)
                0x00000000800016f8                __StackLimit = .
 *(.stack*)
                0x00000000880016f0                . = (. + 0x7fffff8)
 *fill*         0x00000000800016f8  0x7fffff8 
                0x00000000880016f0                __StackTop = .
                0x00000000880016f0                _stack = __StackTop
OUTPUT(Debug/gpioLedBlink.out elf32-littlearm)

.debug_info     0x0000000000000000      0x895
 .debug_info    0x0000000000000000      0x184 Debug/gpioLED.o
 .debug_info    0x0000000000000184       0x80 Debug/gpioLEDBlink.o
 .debug_info    0x0000000000000204       0x9f lib/Debug/libsystem_config.a(init.o)
 .debug_info    0x00000000000002a3       0xd2 lib/Debug/libsystem_config.a(startup.o)
 .debug_info    0x0000000000000375       0x9f lib/Debug/libsystem_config.a(cp15.o)
 .debug_info    0x0000000000000414       0xb2 lib/Debug/libsystem_config.a(exceptionhandler.o)
 .debug_info    0x00000000000004c6      0x3cf lib/Debug/libsystem_config.a(interrupt.o)

.debug_abbrev   0x0000000000000000      0x3b4
 .debug_abbrev  0x0000000000000000       0xa6 Debug/gpioLED.o
 .debug_abbrev  0x00000000000000a6       0x70 Debug/gpioLEDBlink.o
 .debug_abbrev  0x0000000000000116       0x14 lib/Debug/libsystem_config.a(init.o)
 .debug_abbrev  0x000000000000012a       0xa2 lib/Debug/libsystem_config.a(startup.o)
 .debug_abbrev  0x00000000000001cc       0x14 lib/Debug/libsystem_config.a(cp15.o)
 .debug_abbrev  0x00000000000001e0       0x14 lib/Debug/libsystem_config.a(exceptionhandler.o)
 .debug_abbrev  0x00000000000001f4      0x1c0 lib/Debug/libsystem_config.a(interrupt.o)

.debug_aranges  0x0000000000000000      0x218
 .debug_aranges
                0x0000000000000000       0x58 Debug/gpioLED.o
 .debug_aranges
                0x0000000000000058       0x28 Debug/gpioLEDBlink.o
 .debug_aranges
                0x0000000000000080       0x20 lib/Debug/libsystem_config.a(init.o)
 .debug_aranges
                0x00000000000000a0       0x28 lib/Debug/libsystem_config.a(startup.o)
 .debug_aranges
                0x00000000000000c8       0x20 lib/Debug/libsystem_config.a(cp15.o)
 .debug_aranges
                0x00000000000000e8       0x20 lib/Debug/libsystem_config.a(exceptionhandler.o)
 .debug_aranges
                0x0000000000000108      0x110 lib/Debug/libsystem_config.a(interrupt.o)

.debug_ranges   0x0000000000000000      0x178
 .debug_ranges  0x0000000000000000       0x48 Debug/gpioLED.o
 .debug_ranges  0x0000000000000048       0x18 Debug/gpioLEDBlink.o
 .debug_ranges  0x0000000000000060       0x18 lib/Debug/libsystem_config.a(startup.o)
 .debug_ranges  0x0000000000000078      0x100 lib/Debug/libsystem_config.a(interrupt.o)

.debug_line     0x0000000000000000      0x746
 .debug_line    0x0000000000000000       0xd0 Debug/gpioLED.o
 .debug_line    0x00000000000000d0       0x6b Debug/gpioLEDBlink.o
 .debug_line    0x000000000000013b       0x8d lib/Debug/libsystem_config.a(init.o)
 .debug_line    0x00000000000001c8       0x90 lib/Debug/libsystem_config.a(startup.o)
 .debug_line    0x0000000000000258      0x184 lib/Debug/libsystem_config.a(cp15.o)
 .debug_line    0x00000000000003dc       0xb3 lib/Debug/libsystem_config.a(exceptionhandler.o)
 .debug_line    0x000000000000048f      0x2b7 lib/Debug/libsystem_config.a(interrupt.o)

.debug_str      0x0000000000000000      0x65a
 .debug_str     0x0000000000000000      0x1e9 Debug/gpioLED.o
 .debug_str     0x00000000000001e9       0x24 Debug/gpioLEDBlink.o
                                        0x13f (size before relaxing)
 .debug_str     0x000000000000020d      0x192 lib/Debug/libsystem_config.a(startup.o)
                                        0x1bc (size before relaxing)
 .debug_str     0x000000000000039f      0x2bb lib/Debug/libsystem_config.a(interrupt.o)
                                        0x407 (size before relaxing)

.comment        0x0000000000000000       0x6e
 .comment       0x0000000000000000       0x6e Debug/gpioLED.o
                                         0x6f (size before relaxing)
 .comment       0x000000000000006e       0x6f Debug/gpioLEDBlink.o
 .comment       0x000000000000006e       0x6f lib/Debug/libsystem_config.a(startup.o)
 .comment       0x000000000000006e       0x6f lib/Debug/libsystem_config.a(interrupt.o)

.ARM.attributes
                0x0000000000000000       0x39
 .ARM.attributes
                0x0000000000000000       0x37 Debug/gpioLED.o
 .ARM.attributes
                0x0000000000000037       0x37 Debug/gpioLEDBlink.o
 .ARM.attributes
                0x000000000000006e       0x29 lib/Debug/libsystem_config.a(init.o)
 .ARM.attributes
                0x0000000000000097       0x3b lib/Debug/libsystem_config.a(startup.o)
 .ARM.attributes
                0x00000000000000d2       0x29 lib/Debug/libsystem_config.a(cp15.o)
 .ARM.attributes
                0x00000000000000fb       0x29 lib/Debug/libsystem_config.a(exceptionhandler.o)
 .ARM.attributes
                0x0000000000000124       0x3b lib/Debug/libsystem_config.a(interrupt.o)
 .ARM.attributes
                0x000000000000015f       0x18 /usr/lib/gcc/arm-none-eabi/5.3.1//libgcc.a(_udivsi3.o)
 .ARM.attributes
                0x0000000000000177       0x18 /usr/lib/gcc/arm-none-eabi/5.3.1//libgcc.a(_divsi3.o)
 .ARM.attributes
                0x000000000000018f       0x18 /usr/lib/gcc/arm-none-eabi/5.3.1//libgcc.a(_dvmd_tls.o)

.debug_frame    0x0000000000000000      0x5bc
 .debug_frame   0x0000000000000000      0x108 Debug/gpioLED.o
 .debug_frame   0x0000000000000108       0x4c Debug/gpioLEDBlink.o
 .debug_frame   0x0000000000000154       0x4c lib/Debug/libsystem_config.a(startup.o)
 .debug_frame   0x00000000000001a0      0x3dc lib/Debug/libsystem_config.a(interrupt.o)
 .debug_frame   0x000000000000057c       0x20 /usr/lib/gcc/arm-none-eabi/5.3.1//libgcc.a(_udivsi3.o)
 .debug_frame   0x000000000000059c       0x20 /usr/lib/gcc/arm-none-eabi/5.3.1//libgcc.a(_divsi3.o)
