Archive member included because of file (symbol)

lib/Debug/libsystem_config.a(init.o)
                              (Entry)
lib/Debug/libsystem_config.a(startup.o)
                              lib/Debug/libsystem_config.a(init.o) (start_boot)
lib/Debug/libsystem_config.a(cp15.o)
                              lib/Debug/libsystem_config.a(startup.o) (CP15VectorBaseAddrSet)
lib/Debug/libsystem_config.a(exceptionhandler.o)
                              lib/Debug/libsystem_config.a(startup.o) (IRQHandler)
lib/Debug/libsystem_config.a(interrupt.o)
                              lib/Debug/libsystem_config.a(exceptionhandler.o) (fnRAMVectors)
lib/Debug/libsystem_config.a(cpu.o)
                              lib/Debug/libsystem_config.a(exceptionhandler.o) (CPUAbortHandler)
/usr/lib/gcc/arm-none-eabi/4.8.2//libgcc.a(_udivsi3.o)
                              (__aeabi_uidiv)
/usr/lib/gcc/arm-none-eabi/4.8.2//libgcc.a(_divsi3.o)
                              (__aeabi_idiv)
/usr/lib/gcc/arm-none-eabi/4.8.2//libgcc.a(_dvmd_tls.o)
                              /usr/lib/gcc/arm-none-eabi/4.8.2//libgcc.a(_udivsi3.o) (__aeabi_idiv0)

Allocating common symbols
Common symbol       size              file

pin_reference       0x1               Debug/gpioConfig.o
module_clk          0x1               Debug/gpioConfig.o
fnRAMVectors        0x200             lib/Debug/libsystem_config.a(interrupt.o)

Discarded input sections

 .text          0x0000000000000000        0x0 Debug/gpioConfig.o
 .data          0x0000000000000000        0x0 Debug/gpioConfig.o
 .bss           0x0000000000000000        0x0 Debug/gpioConfig.o
 .text.ConfigModule_0
                0x0000000000000000       0x1c Debug/gpioConfig.o
 .text.ConfigModule_2
                0x0000000000000000       0x1c Debug/gpioConfig.o
 .text.ConfigModule_3
                0x0000000000000000       0x1c Debug/gpioConfig.o
 COMMON         0x0000000000000000        0x2 Debug/gpioConfig.o
 .text          0x0000000000000000        0x0 Debug/gpioLED.o
 .data          0x0000000000000000        0x0 Debug/gpioLED.o
 .bss           0x0000000000000000        0x0 Debug/gpioLED.o
 .text          0x0000000000000000        0x0 Debug/gpioLEDBlink.o
 .data          0x0000000000000000        0x0 Debug/gpioLEDBlink.o
 .bss           0x0000000000000000        0x0 Debug/gpioLEDBlink.o
 .data          0x0000000000000000        0x0 lib/Debug/libsystem_config.a(init.o)
 .bss           0x0000000000000000        0x0 lib/Debug/libsystem_config.a(init.o)
 .text          0x0000000000000000        0x0 lib/Debug/libsystem_config.a(startup.o)
 .data          0x0000000000000000        0x0 lib/Debug/libsystem_config.a(startup.o)
 .bss           0x0000000000000000        0x0 lib/Debug/libsystem_config.a(startup.o)
 .rodata.AM335X_VECTOR_BASE
                0x0000000000000000        0x4 lib/Debug/libsystem_config.a(startup.o)
 .data          0x0000000000000000        0x0 lib/Debug/libsystem_config.a(cp15.o)
 .bss           0x0000000000000000        0x0 lib/Debug/libsystem_config.a(cp15.o)
 .data          0x0000000000000000        0x0 lib/Debug/libsystem_config.a(exceptionhandler.o)
 .bss           0x0000000000000000        0x0 lib/Debug/libsystem_config.a(exceptionhandler.o)
 .text          0x0000000000000000        0x0 lib/Debug/libsystem_config.a(interrupt.o)
 .data          0x0000000000000000        0x0 lib/Debug/libsystem_config.a(interrupt.o)
 .bss           0x0000000000000000        0x0 lib/Debug/libsystem_config.a(interrupt.o)
 .text.IntDefaultHandler
                0x0000000000000000       0x18 lib/Debug/libsystem_config.a(interrupt.o)
 .text.IntRegister
                0x0000000000000000       0x38 lib/Debug/libsystem_config.a(interrupt.o)
 .text.IntUnRegister
                0x0000000000000000       0x38 lib/Debug/libsystem_config.a(interrupt.o)
 .text.IntAINTCInit
                0x0000000000000000       0x94 lib/Debug/libsystem_config.a(interrupt.o)
 .text.IntPrioritySet
                0x0000000000000000       0x58 lib/Debug/libsystem_config.a(interrupt.o)
 .text.IntSystemEnable
                0x0000000000000000       0x54 lib/Debug/libsystem_config.a(interrupt.o)
 .text.IntSystemDisable
                0x0000000000000000       0x54 lib/Debug/libsystem_config.a(interrupt.o)
 .text.IntIfClkFreeRunSet
                0x0000000000000000       0x34 lib/Debug/libsystem_config.a(interrupt.o)
 .text.IntIfClkAutoGateSet
                0x0000000000000000       0x34 lib/Debug/libsystem_config.a(interrupt.o)
 .text.IntActiveIrqNumGet
                0x0000000000000000       0x28 lib/Debug/libsystem_config.a(interrupt.o)
 .text.IntSpurIrqFlagGet
                0x0000000000000000       0x2c lib/Debug/libsystem_config.a(interrupt.o)
 .text.IntProtectionEnable
                0x0000000000000000       0x28 lib/Debug/libsystem_config.a(interrupt.o)
 .text.IntProtectionDisable
                0x0000000000000000       0x34 lib/Debug/libsystem_config.a(interrupt.o)
 .text.IntSyncClkFreeRunSet
                0x0000000000000000       0x34 lib/Debug/libsystem_config.a(interrupt.o)
 .text.IntSyncClkAutoGateSet
                0x0000000000000000       0x34 lib/Debug/libsystem_config.a(interrupt.o)
 .text.IntFuncClkFreeRunSet
                0x0000000000000000       0x34 lib/Debug/libsystem_config.a(interrupt.o)
 .text.IntFuncClkAutoGateSet
                0x0000000000000000       0x34 lib/Debug/libsystem_config.a(interrupt.o)
 .text.IntCurrIrqPriorityGet
                0x0000000000000000       0x28 lib/Debug/libsystem_config.a(interrupt.o)
 .text.IntPriorityThresholdGet
                0x0000000000000000       0x28 lib/Debug/libsystem_config.a(interrupt.o)
 .text.IntPriorityThresholdSet
                0x0000000000000000       0x34 lib/Debug/libsystem_config.a(interrupt.o)
 .text.IntRawStatusGet
                0x0000000000000000       0x5c lib/Debug/libsystem_config.a(interrupt.o)
 .text.IntSoftwareIntSet
                0x0000000000000000       0x50 lib/Debug/libsystem_config.a(interrupt.o)
 .text.IntSoftwareIntClear
                0x0000000000000000       0x50 lib/Debug/libsystem_config.a(interrupt.o)
 .text.IntPendingIrqMaskedStatusGet
                0x0000000000000000       0x58 lib/Debug/libsystem_config.a(interrupt.o)
 .text.IntMasterIRQEnable
                0x0000000000000000       0x1c lib/Debug/libsystem_config.a(interrupt.o)
 .text.IntMasterIRQDisable
                0x0000000000000000       0x1c lib/Debug/libsystem_config.a(interrupt.o)
 .text.IntMasterFIQEnable
                0x0000000000000000       0x1c lib/Debug/libsystem_config.a(interrupt.o)
 .text.IntMasterFIQDisable
                0x0000000000000000       0x1c lib/Debug/libsystem_config.a(interrupt.o)
 .text.IntMasterStatusGet
                0x0000000000000000       0x20 lib/Debug/libsystem_config.a(interrupt.o)
 .text.IntDisable
                0x0000000000000000       0x3c lib/Debug/libsystem_config.a(interrupt.o)
 .text.IntEnable
                0x0000000000000000       0x38 lib/Debug/libsystem_config.a(interrupt.o)
 .text          0x0000000000000000        0x0 lib/Debug/libsystem_config.a(cpu.o)
 .data          0x0000000000000000        0x0 lib/Debug/libsystem_config.a(cpu.o)
 .bss           0x0000000000000000        0x0 lib/Debug/libsystem_config.a(cpu.o)
 .text.CPUSwitchToPrivilegedMode
                0x0000000000000000       0x1c lib/Debug/libsystem_config.a(cpu.o)
 .text.CPUSwitchToUserMode
                0x0000000000000000       0x28 lib/Debug/libsystem_config.a(cpu.o)
 .text.CPUAbortHandler
                0x0000000000000000       0x18 lib/Debug/libsystem_config.a(cpu.o)
 .text.CPUIntStatus
                0x0000000000000000       0x2c lib/Debug/libsystem_config.a(cpu.o)
 .text.CPUirqd  0x0000000000000000       0x28 lib/Debug/libsystem_config.a(cpu.o)
 .text.CPUirqe  0x0000000000000000       0x28 lib/Debug/libsystem_config.a(cpu.o)
 .text.CPUfiqd  0x0000000000000000       0x28 lib/Debug/libsystem_config.a(cpu.o)
 .text.CPUfiqe  0x0000000000000000       0x28 lib/Debug/libsystem_config.a(cpu.o)
 .debug_info    0x0000000000000000       0xcc lib/Debug/libsystem_config.a(cpu.o)
 .debug_abbrev  0x0000000000000000       0x62 lib/Debug/libsystem_config.a(cpu.o)
 .debug_aranges
                0x0000000000000000       0x58 lib/Debug/libsystem_config.a(cpu.o)
 .debug_ranges  0x0000000000000000       0x48 lib/Debug/libsystem_config.a(cpu.o)
 .debug_line    0x0000000000000000       0xd8 lib/Debug/libsystem_config.a(cpu.o)
 .debug_str     0x0000000000000000      0x1ce lib/Debug/libsystem_config.a(cpu.o)
 .comment       0x0000000000000000       0x6f lib/Debug/libsystem_config.a(cpu.o)
 .debug_frame   0x0000000000000000      0x110 lib/Debug/libsystem_config.a(cpu.o)
 .ARM.attributes
                0x0000000000000000       0x3b lib/Debug/libsystem_config.a(cpu.o)
 .data          0x0000000000000000        0x0 /usr/lib/gcc/arm-none-eabi/4.8.2//libgcc.a(_udivsi3.o)
 .bss           0x0000000000000000        0x0 /usr/lib/gcc/arm-none-eabi/4.8.2//libgcc.a(_udivsi3.o)
 .data          0x0000000000000000        0x0 /usr/lib/gcc/arm-none-eabi/4.8.2//libgcc.a(_divsi3.o)
 .bss           0x0000000000000000        0x0 /usr/lib/gcc/arm-none-eabi/4.8.2//libgcc.a(_divsi3.o)
 .data          0x0000000000000000        0x0 /usr/lib/gcc/arm-none-eabi/4.8.2//libgcc.a(_dvmd_tls.o)
 .bss           0x0000000000000000        0x0 /usr/lib/gcc/arm-none-eabi/4.8.2//libgcc.a(_dvmd_tls.o)

Memory Configuration

Name             Origin             Length             Attributes
DDR0             0x0000000080000000 0x0000000010000000
*default*        0x0000000000000000 0xffffffffffffffff

Linker script and memory map

LOAD Debug/gpioConfig.o
LOAD Debug/gpioLED.o
LOAD Debug/gpioLEDBlink.o
LOAD lib/Debug/libsystem_config.a
LOAD /usr/lib/arm-none-eabi/lib//libc.a
LOAD /usr/lib/gcc/arm-none-eabi/4.8.2//libgcc.a
LOAD lib/Debug/libsystem_config.a

.startcode      0x0000000080000000       0xb4
                0x0000000080000000                . = ALIGN (0x4)
 *init.o(.text)
 .text          0x0000000080000000       0xb4 lib/Debug/libsystem_config.a(init.o)
                0x0000000080000000                Entry

.text           0x00000000800000b4     0x1394
                0x00000000800000b4                . = ALIGN (0x4)
 *(.text*)
 .text.GPIO0_ModuleClkConfig
                0x00000000800000b4       0x4c Debug/gpioConfig.o
                0x00000000800000b4                GPIO0_ModuleClkConfig
 .text.GPIO1_ModuleClkConfig
                0x0000000080000100       0x4c Debug/gpioConfig.o
                0x0000000080000100                GPIO1_ModuleClkConfig
 .text.GPIO2_ModuleClkConfig
                0x000000008000014c       0x4c Debug/gpioConfig.o
                0x000000008000014c                GPIO2_ModuleClkConfig
 .text.GPIO3_ModuleClkConfig
                0x0000000080000198       0x4c Debug/gpioConfig.o
                0x0000000080000198                GPIO3_ModuleClkConfig
 .text.ConfigGPIOClkModule
                0x00000000800001e4       0x78 Debug/gpioConfig.o
                0x00000000800001e4                ConfigGPIOClkModule
 .text.ConfigModule_1
                0x000000008000025c      0x168 Debug/gpioConfig.o
                0x000000008000025c                ConfigModule_1
 .text.referenceTo_UART
                0x00000000800003c4       0x9c Debug/gpioConfig.o
                0x00000000800003c4                referenceTo_UART
 .text.referenceTo_GPMC_CSN
                0x0000000080000460       0x7c Debug/gpioConfig.o
                0x0000000080000460                referenceTo_GPMC_CSN
 .text.GPIOPinMuxSetup
                0x00000000800004dc       0x34 Debug/gpioLED.o
                0x00000000800004dc                GPIOPinMuxSetup
 .text.GPIOPinMuxSetupInput
                0x0000000080000510       0xac Debug/gpioLED.o
                0x0000000080000510                GPIOPinMuxSetupInput
 .text.GPIOModuleEnable
                0x00000000800005bc       0x38 Debug/gpioLED.o
                0x00000000800005bc                GPIOModuleEnable
 .text.GPIOModuleReset
                0x00000000800005f4       0x38 Debug/gpioLED.o
                0x00000000800005f4                GPIOModuleReset
 .text.GPIODirModeSet
                0x000000008000062c       0x88 Debug/gpioLED.o
                0x000000008000062c                GPIODirModeSet
 .text.GPIOPinWrite
                0x00000000800006b4       0x64 Debug/gpioLED.o
                0x00000000800006b4                GPIOPinWrite
 .text.ledInit  0x0000000080000718      0x1f4 Debug/gpioLED.o
                0x0000000080000718                ledInit
 .text.ledToggle
                0x000000008000090c      0x12c Debug/gpioLED.o
                0x000000008000090c                ledToggle
 .text.main     0x0000000080000a38       0x6c Debug/gpioLEDBlink.o
                0x0000000080000a38                main
 .text.Delay    0x0000000080000aa4       0x38 Debug/gpioLEDBlink.o
 .text.getInput
                0x0000000080000adc       0xa4 Debug/gpioLEDBlink.o
                0x0000000080000adc                getInput
 .text.start_boot
                0x0000000080000b80       0x24 lib/Debug/libsystem_config.a(startup.o)
                0x0000000080000b80                start_boot
 .text.CopyVectorTable
                0x0000000080000ba4       0x94 lib/Debug/libsystem_config.a(startup.o)
 .text          0x0000000080000c38      0x488 lib/Debug/libsystem_config.a(cp15.o)
                0x0000000080000c38                CP15ICacheDisable
                0x0000000080000c54                CP15DCacheDisable
                0x0000000080000c70                CP15ICacheEnable
                0x0000000080000c80                CP15DCacheEnable
                0x0000000080000c90                CP15DCacheFlush
                0x0000000080000d24                CP15DCacheClean
                0x0000000080000db8                CP15DCacheCleanFlush
                0x0000000080000e4c                CP15ICacheFlush
                0x0000000080000e5c                CP15DCacheCleanBuff
                0x0000000080000eb0                CP15DCacheCleanFlushBuff
                0x0000000080000f04                CP15DCacheFlushBuff
                0x0000000080000f68                CP15ICacheFlushBuff
                0x0000000080000fbc                CP15Ttb0Set
                0x0000000080000fc8                CP15TlbInvalidate
                0x0000000080000fd4                CP15MMUDisable
                0x0000000080000fec                CP15MMUEnable
                0x0000000080001000                CP15VectorBaseAddrSet
                0x000000008000100c                CP15BranchPredictorInvalidate
                0x0000000080001018                CP15BranchPredictionEnable
                0x0000000080001028                CP15BranchPredictionDisable
                0x0000000080001038                CP15DomainAccessClientSet
                0x0000000080001048                CP15ControlFeatureDisable
                0x000000008000105c                CP15ControlFeatureEnable
                0x0000000080001070                CP15TtbCtlTtb0Config
                0x0000000080001080                CP15AuxControlFeatureEnable
                0x0000000080001094                CP15AuxControlFeatureDisable
                0x00000000800010a8                CP15MainIdPrimPartNumGet
 .text          0x00000000800010c0       0xf0 lib/Debug/libsystem_config.a(exceptionhandler.o)
                0x00000000800010c0                SVC_Handler
                0x00000000800010e8                IRQHandler
                0x0000000080001194                FIQHandler
                0x0000000080001198                UndefInstHandler
                0x0000000080001198                AbortHandler
 .text          0x00000000800011b0      0x114 /usr/lib/gcc/arm-none-eabi/4.8.2//libgcc.a(_udivsi3.o)
                0x00000000800011b0                __udivsi3
                0x00000000800011b0                __aeabi_uidiv
                0x00000000800012a4                __aeabi_uidivmod
 .text          0x00000000800012c4      0x148 /usr/lib/gcc/arm-none-eabi/4.8.2//libgcc.a(_divsi3.o)
                0x00000000800012c4                __aeabi_idiv
                0x00000000800012c4                __divsi3
                0x00000000800013ec                __aeabi_idivmod
 .text          0x000000008000140c        0x4 /usr/lib/gcc/arm-none-eabi/4.8.2//libgcc.a(_dvmd_tls.o)
                0x000000008000140c                __aeabi_ldiv0
                0x000000008000140c                __aeabi_idiv0
 *(.rodata*)
 .rodata.vecTbl
                0x0000000080001410       0x38 lib/Debug/libsystem_config.a(startup.o)

.glue_7         0x0000000080001448        0x0
 .glue_7        0x0000000000000000        0x0 linker stubs

.glue_7t        0x0000000080001448        0x0
 .glue_7t       0x0000000000000000        0x0 linker stubs

.vfp11_veneer   0x0000000080001448        0x0
 .vfp11_veneer  0x0000000000000000        0x0 linker stubs

.v4_bx          0x0000000080001448        0x0
 .v4_bx         0x0000000000000000        0x0 linker stubs

.iplt           0x0000000080001448        0x0
 .iplt          0x0000000000000000        0x0 Debug/gpioConfig.o

.rel.dyn        0x0000000080001448        0x0
 .rel.iplt      0x0000000000000000        0x0 Debug/gpioConfig.o

.data           0x0000000080001448        0x0
                0x0000000080001448                . = ALIGN (0x4)
 *(.data*)

.igot.plt       0x0000000080001448        0x0
 .igot.plt      0x0000000000000000        0x0 Debug/gpioConfig.o

.bss            0x0000000080001448      0x204
                0x0000000080001448                . = ALIGN (0x4)
                0x0000000080001448                _bss_start = .
 *(.bss*)
 .bss.flagToggle
                0x0000000080001448        0x4 Debug/gpioLED.o
                0x0000000080001448                flagToggle
 *(COMMON)
 COMMON         0x000000008000144c      0x200 lib/Debug/libsystem_config.a(interrupt.o)
                0x000000008000144c                fnRAMVectors
                0x000000008000164c                _bss_end = .

.heap           0x000000008000164c      0x800
                0x000000008000164c                . = ALIGN (0x4)
                0x000000008000164c                __end__ = .
                0x000000008000164c                end = __end__
                0x000000008000164c                __HeapBase = __end__
 *(.heap*)
                0x0000000080001e4c                . = (. + 0x800)
 *fill*         0x000000008000164c      0x800 
                0x0000000080001e4c                __HeapLimit = .

.stack          0x0000000080001e4c  0x7fffff8
                0x0000000080001e4c                . = ALIGN (0x4)
                0x0000000080001e4c                __StackLimit = .
 *(.stack*)
                0x0000000088001e44                . = (. + 0x7fffff8)
 *fill*         0x0000000080001e4c  0x7fffff8 
                0x0000000088001e44                __StackTop = .
                0x0000000088001e44                _stack = __StackTop
OUTPUT(Debug/gpioLedBlink.out elf32-littlearm)

.debug_info     0x0000000000000000      0xff4
 .debug_info    0x0000000000000000      0x2a4 Debug/gpioConfig.o
 .debug_info    0x00000000000002a4      0x317 Debug/gpioLED.o
 .debug_info    0x00000000000005bb      0x1ec Debug/gpioLEDBlink.o
 .debug_info    0x00000000000007a7       0x9f lib/Debug/libsystem_config.a(init.o)
 .debug_info    0x0000000000000846       0xd2 lib/Debug/libsystem_config.a(startup.o)
 .debug_info    0x0000000000000918       0x9f lib/Debug/libsystem_config.a(cp15.o)
 .debug_info    0x00000000000009b7       0xb2 lib/Debug/libsystem_config.a(exceptionhandler.o)
 .debug_info    0x0000000000000a69      0x3cf lib/Debug/libsystem_config.a(interrupt.o)
 .debug_info    0x0000000000000e38       0x94 /usr/lib/gcc/arm-none-eabi/4.8.2//libgcc.a(_udivsi3.o)
 .debug_info    0x0000000000000ecc       0x94 /usr/lib/gcc/arm-none-eabi/4.8.2//libgcc.a(_divsi3.o)
 .debug_info    0x0000000000000f60       0x94 /usr/lib/gcc/arm-none-eabi/4.8.2//libgcc.a(_dvmd_tls.o)

.debug_abbrev   0x0000000000000000      0x516
 .debug_abbrev  0x0000000000000000       0xbd Debug/gpioConfig.o
 .debug_abbrev  0x00000000000000bd       0xb2 Debug/gpioLED.o
 .debug_abbrev  0x000000000000016f       0xcd Debug/gpioLEDBlink.o
 .debug_abbrev  0x000000000000023c       0x14 lib/Debug/libsystem_config.a(init.o)
 .debug_abbrev  0x0000000000000250       0xa2 lib/Debug/libsystem_config.a(startup.o)
 .debug_abbrev  0x00000000000002f2       0x14 lib/Debug/libsystem_config.a(cp15.o)
 .debug_abbrev  0x0000000000000306       0x14 lib/Debug/libsystem_config.a(exceptionhandler.o)
 .debug_abbrev  0x000000000000031a      0x1c0 lib/Debug/libsystem_config.a(interrupt.o)
 .debug_abbrev  0x00000000000004da       0x14 /usr/lib/gcc/arm-none-eabi/4.8.2//libgcc.a(_udivsi3.o)
 .debug_abbrev  0x00000000000004ee       0x14 /usr/lib/gcc/arm-none-eabi/4.8.2//libgcc.a(_divsi3.o)
 .debug_abbrev  0x0000000000000502       0x14 /usr/lib/gcc/arm-none-eabi/4.8.2//libgcc.a(_dvmd_tls.o)

.debug_aranges  0x0000000000000000      0x2f0
 .debug_aranges
                0x0000000000000000       0x70 Debug/gpioConfig.o
 .debug_aranges
                0x0000000000000070       0x58 Debug/gpioLED.o
 .debug_aranges
                0x00000000000000c8       0x30 Debug/gpioLEDBlink.o
 .debug_aranges
                0x00000000000000f8       0x20 lib/Debug/libsystem_config.a(init.o)
 .debug_aranges
                0x0000000000000118       0x28 lib/Debug/libsystem_config.a(startup.o)
 .debug_aranges
                0x0000000000000140       0x20 lib/Debug/libsystem_config.a(cp15.o)
 .debug_aranges
                0x0000000000000160       0x20 lib/Debug/libsystem_config.a(exceptionhandler.o)
 .debug_aranges
                0x0000000000000180      0x110 lib/Debug/libsystem_config.a(interrupt.o)
 .debug_aranges
                0x0000000000000290       0x20 /usr/lib/gcc/arm-none-eabi/4.8.2//libgcc.a(_udivsi3.o)
 .debug_aranges
                0x00000000000002b0       0x20 /usr/lib/gcc/arm-none-eabi/4.8.2//libgcc.a(_divsi3.o)
 .debug_aranges
                0x00000000000002d0       0x20 /usr/lib/gcc/arm-none-eabi/4.8.2//libgcc.a(_dvmd_tls.o)

.debug_ranges   0x0000000000000000      0x1e0
 .debug_ranges  0x0000000000000000       0x60 Debug/gpioConfig.o
 .debug_ranges  0x0000000000000060       0x48 Debug/gpioLED.o
 .debug_ranges  0x00000000000000a8       0x20 Debug/gpioLEDBlink.o
 .debug_ranges  0x00000000000000c8       0x18 lib/Debug/libsystem_config.a(startup.o)
 .debug_ranges  0x00000000000000e0      0x100 lib/Debug/libsystem_config.a(interrupt.o)

.debug_line     0x0000000000000000      0xb3b
 .debug_line    0x0000000000000000      0x127 Debug/gpioConfig.o
 .debug_line    0x0000000000000127      0x1d4 Debug/gpioLED.o
 .debug_line    0x00000000000002fb       0xb4 Debug/gpioLEDBlink.o
 .debug_line    0x00000000000003af       0x8d lib/Debug/libsystem_config.a(init.o)
 .debug_line    0x000000000000043c       0x90 lib/Debug/libsystem_config.a(startup.o)
 .debug_line    0x00000000000004cc      0x184 lib/Debug/libsystem_config.a(cp15.o)
 .debug_line    0x0000000000000650       0xb3 lib/Debug/libsystem_config.a(exceptionhandler.o)
 .debug_line    0x0000000000000703      0x2b7 lib/Debug/libsystem_config.a(interrupt.o)
 .debug_line    0x00000000000009ba       0x8a /usr/lib/gcc/arm-none-eabi/4.8.2//libgcc.a(_udivsi3.o)
 .debug_line    0x0000000000000a44       0x96 /usr/lib/gcc/arm-none-eabi/4.8.2//libgcc.a(_divsi3.o)
 .debug_line    0x0000000000000ada       0x61 /usr/lib/gcc/arm-none-eabi/4.8.2//libgcc.a(_dvmd_tls.o)

.debug_str      0x0000000000000000      0x89f
 .debug_str     0x0000000000000000      0x2d7 Debug/gpioConfig.o
 .debug_str     0x00000000000002d7      0x11e Debug/gpioLED.o
                                        0x316 (size before relaxing)
 .debug_str     0x00000000000003f5       0x5d Debug/gpioLEDBlink.o
                                        0x252 (size before relaxing)
 .debug_str     0x0000000000000452      0x192 lib/Debug/libsystem_config.a(startup.o)
                                        0x1bc (size before relaxing)
 .debug_str     0x00000000000005e4      0x2bb lib/Debug/libsystem_config.a(interrupt.o)
                                        0x407 (size before relaxing)

.comment        0x0000000000000000       0x8d
 .comment       0x0000000000000000       0x1f Debug/gpioConfig.o
                                         0x20 (size before relaxing)
 .comment       0x0000000000000000       0x20 Debug/gpioLED.o
 .comment       0x0000000000000000       0x20 Debug/gpioLEDBlink.o
 .comment       0x000000000000001f       0x6e lib/Debug/libsystem_config.a(startup.o)
                                         0x6f (size before relaxing)
 .comment       0x0000000000000000       0x6f lib/Debug/libsystem_config.a(interrupt.o)

.ARM.attributes
                0x0000000000000000       0x39
 .ARM.attributes
                0x0000000000000000       0x37 Debug/gpioConfig.o
 .ARM.attributes
                0x0000000000000037       0x37 Debug/gpioLED.o
 .ARM.attributes
                0x000000000000006e       0x37 Debug/gpioLEDBlink.o
 .ARM.attributes
                0x00000000000000a5       0x29 lib/Debug/libsystem_config.a(init.o)
 .ARM.attributes
                0x00000000000000ce       0x3b lib/Debug/libsystem_config.a(startup.o)
 .ARM.attributes
                0x0000000000000109       0x29 lib/Debug/libsystem_config.a(cp15.o)
 .ARM.attributes
                0x0000000000000132       0x29 lib/Debug/libsystem_config.a(exceptionhandler.o)
 .ARM.attributes
                0x000000000000015b       0x3b lib/Debug/libsystem_config.a(interrupt.o)
 .ARM.attributes
                0x0000000000000196       0x18 /usr/lib/gcc/arm-none-eabi/4.8.2//libgcc.a(_udivsi3.o)
 .ARM.attributes
                0x00000000000001ae       0x18 /usr/lib/gcc/arm-none-eabi/4.8.2//libgcc.a(_divsi3.o)
 .ARM.attributes
                0x00000000000001c6       0x18 /usr/lib/gcc/arm-none-eabi/4.8.2//libgcc.a(_dvmd_tls.o)

.debug_frame    0x0000000000000000      0x6c4
 .debug_frame   0x0000000000000000      0x128 Debug/gpioConfig.o
 .debug_frame   0x0000000000000128       0xd8 Debug/gpioLED.o
 .debug_frame   0x0000000000000200       0x5c Debug/gpioLEDBlink.o
 .debug_frame   0x000000000000025c       0x4c lib/Debug/libsystem_config.a(startup.o)
 .debug_frame   0x00000000000002a8      0x3dc lib/Debug/libsystem_config.a(interrupt.o)
 .debug_frame   0x0000000000000684       0x20 /usr/lib/gcc/arm-none-eabi/4.8.2//libgcc.a(_udivsi3.o)
 .debug_frame   0x00000000000006a4       0x20 /usr/lib/gcc/arm-none-eabi/4.8.2//libgcc.a(_divsi3.o)
